2026-10-01T22:50:05.7863260Z Current runner version: '2.337.0'
2026-10-01T22:50:05.7876690Z ##[group]Runner Image Provisioner
2026-10-01T22:50:05.7877180Z Hosted Compute Agent
2026-10-01T22:50:05.7877550Z Version: 20260828.587
2026-10-01T22:50:05.7877950Z Commit: abac92662cab4cc7352de4f9f9d2e2419aad9c29
2026-10-01T22:50:05.7878440Z Build Date: 2026-08-28T16:44:25Z
2026-10-01T22:50:05.7878870Z Worker ID: {9e7572f5-9e2a-418c-83cd-b9743e1412db}
2026-10-01T22:50:05.7879320Z Azure Region: westus
2026-10-01T22:50:05.7879680Z ##[endgroup]
2026-10-01T22:50:05.7880550Z ##[group]Operating System
2026-10-01T22:50:05.7880930Z macOS
2026-10-01T22:50:05.7881250Z 15.7.9
2026-10-01T22:50:05.7881570Z 24G830
2026-10-01T22:50:05.7881890Z ##[endgroup]
2026-10-01T22:50:05.7882230Z ##[group]Runner Image
2026-10-01T22:50:05.7882620Z Image: macos-15-arm64
2026-10-01T22:50:05.7883040Z Version: 20260907.0337.1
2026-10-01T22:50:05.7883970Z Included Software: https://github.com/actions/runner-images/blob/macos-15-arm64/20260907.0337/images/macos/macos-15-arm64-Readme.md
2026-10-01T22:50:05.7885070Z Image Release: https://github.com/actions/runner-images/releases/tag/macos-15-arm64%2F20260907.0337
2026-10-01T22:50:05.7885720Z ##[endgroup]
2026-10-01T22:50:05.7886570Z ##[group]GITHUB_TOKEN Permissions
2026-10-01T22:50:05.7887670Z Contents: read
2026-10-01T22:50:05.7888040Z Metadata: read
2026-10-01T22:50:05.7888400Z ##[endgroup]
2026-10-01T22:50:05.7889880Z Secret source: Actions
2026-10-01T22:50:05.7890470Z Cache mode: write
2026-10-01T22:50:05.7890920Z Prepare workflow directory
2026-10-01T22:50:05.8237420Z Prepare all required actions
2026-10-01T22:50:05.8273090Z Getting action download info
2026-10-01T22:50:05.9682400Z Download action repository 'actions/checkout@v4' (SHA:11d5960a326750d5838078e36cf38b85af677262)
2026-10-01T22:50:07.4324180Z Download action repository 'actions/upload-artifact@v4' (SHA:ea165f8d65b6e75b540449e92b4886f43607fa02)
2026-10-01T22:50:07.6949210Z Complete job name: au-macos-arm64
2026-10-01T22:50:07.7618210Z ##[group]Run actions/checkout@v4
2026-10-01T22:50:07.7619080Z with:
2026-10-01T22:50:07.7619730Z   repository: danielmelegari/GrainsDosageGTRv2
2026-10-01T22:50:07.7625950Z   token: ***
2026-10-01T22:50:07.7626520Z   ssh-strict: true
2026-10-01T22:50:07.7627110Z   ssh-user: git
2026-10-01T22:50:07.7627710Z   persist-credentials: true
2026-10-01T22:50:07.7628360Z   clean: true
2026-10-01T22:50:07.7629020Z   sparse-checkout-cone-mode: true
2026-10-01T22:50:07.7629710Z   fetch-depth: 1
2026-10-01T22:50:07.7630290Z   fetch-tags: false
2026-10-01T22:50:07.7630890Z   show-progress: true
2026-10-01T22:50:07.7631500Z   lfs: false
2026-10-01T22:50:07.7632080Z   submodules: false
2026-10-01T22:50:07.7632680Z   set-safe-directory: true
2026-10-01T22:50:07.7633370Z   allow-unsafe-pr-checkout: false
2026-10-01T22:50:07.7634290Z ##[endgroup]
2026-10-01T22:50:08.3755780Z Syncing repository: danielmelegari/GrainsDosageGTRv2
2026-10-01T22:50:08.3757770Z ##[group]Getting Git version info
2026-10-01T22:50:08.3758890Z Working directory is '/Users/runner/work/GrainsDosageGTRv2/GrainsDosageGTRv2'
2026-10-01T22:50:08.3763900Z [command]/opt/homebrew/bin/git version
2026-10-01T22:50:08.4388120Z git version 2.55.0
2026-10-01T22:50:08.4427520Z ##[endgroup]
2026-10-01T22:50:08.4438350Z Copying '/Users/runner/.gitconfig' to '/Users/runner/work/_temp/fc37359e-cb49-4ccb-b123-4bf186ba7d8f/.gitconfig'
2026-10-01T22:50:08.4440510Z Temporarily overriding HOME='/Users/runner/work/_temp/fc37359e-cb49-4ccb-b123-4bf186ba7d8f' before making global git config changes
2026-10-01T22:50:08.4442670Z Adding repository directory to the temporary git global config as a safe directory
2026-10-01T22:50:08.4444520Z [command]/opt/homebrew/bin/git config --global --add safe.directory /Users/runner/work/GrainsDosageGTRv2/GrainsDosageGTRv2
2026-10-01T22:50:08.4539780Z Deleting the contents of '/Users/runner/work/GrainsDosageGTRv2/GrainsDosageGTRv2'
2026-10-01T22:50:08.4542290Z ##[group]Initializing the repository
2026-10-01T22:50:08.4545730Z [command]/opt/homebrew/bin/git init /Users/runner/work/GrainsDosageGTRv2/GrainsDosageGTRv2
2026-10-01T22:50:08.4749490Z hint: Using 'master' as the name for the initial branch. This default branch name
2026-10-01T22:50:08.4751920Z hint: will change to "main" in Git 3.0. To configure the initial branch name
2026-10-01T22:50:08.4753960Z hint: to use in all of your new repositories, which will suppress this warning,
2026-10-01T22:50:08.4756740Z hint: call:
2026-10-01T22:50:08.4759680Z hint:
2026-10-01T22:50:08.4760530Z hint: 	git config --global init.defaultBranch <name>
2026-10-01T22:50:08.4761510Z hint:
2026-10-01T22:50:08.4762450Z hint: Names commonly chosen instead of 'master' are 'main', 'trunk' and
2026-10-01T22:50:08.4763850Z hint: 'development'. The just-created branch can be renamed via this command:
2026-10-01T22:50:08.4764990Z hint:
2026-10-01T22:50:08.4765770Z hint: 	git branch -m <name>
2026-10-01T22:50:08.4766430Z hint:
2026-10-01T22:50:08.4767410Z hint: Disable this message with "git config set advice.defaultBranchName false"
2026-10-01T22:50:08.4769890Z Initialized empty Git repository in /Users/runner/work/GrainsDosageGTRv2/GrainsDosageGTRv2/.git/
2026-10-01T22:50:08.4773030Z [command]/opt/homebrew/bin/git remote add origin https://github.com/danielmelegari/GrainsDosageGTRv2
2026-10-01T22:50:08.4839080Z ##[endgroup]
2026-10-01T22:50:08.4840360Z ##[group]Disabling automatic garbage collection
2026-10-01T22:50:08.4841480Z [command]/opt/homebrew/bin/git config --local gc.auto 0
2026-10-01T22:50:08.4902960Z ##[endgroup]
2026-10-01T22:50:08.4904050Z ##[group]Setting up auth
2026-10-01T22:50:08.4907150Z [command]/opt/homebrew/bin/git config --local --name-only --get-regexp core\.sshCommand
2026-10-01T22:50:08.4970640Z [command]/opt/homebrew/bin/git submodule foreach --recursive sh -c "git config --local --name-only --get-regexp 'core\.sshCommand' && git config --local --unset-all 'core.sshCommand' || :"
2026-10-01T22:50:08.5795890Z [command]/opt/homebrew/bin/git config --local --name-only --get-regexp http\.https\:\/\/github\.com\/\.extraheader
2026-10-01T22:50:08.5846800Z [command]/opt/homebrew/bin/git submodule foreach --recursive sh -c "git config --local --name-only --get-regexp 'http\.https\:\/\/github\.com\/\.extraheader' && git config --local --unset-all 'http.https://github.com/.extraheader' || :"
2026-10-01T22:50:08.6551870Z [command]/opt/homebrew/bin/git config --local --name-only --get-regexp ^includeIf\.gitdir:
2026-10-01T22:50:08.6615780Z [command]/opt/homebrew/bin/git submodule foreach --recursive git config --local --show-origin --name-only --get-regexp remote.origin.url
2026-10-01T22:50:08.7469570Z [command]/opt/homebrew/bin/git config --local http.https://github.com/.extraheader AUTHORIZATION: basic ***
2026-10-01T22:50:08.7604220Z ##[endgroup]
2026-10-01T22:50:08.7624030Z ##[group]Fetching the repository
2026-10-01T22:50:08.7625670Z [command]/opt/homebrew/bin/git -c protocol.version=2 fetch --no-tags --prune --no-recurse-submodules --depth=1 origin +e8d6e0219c7f579f83097336368e06eefd8eec97:refs/remotes/origin/main
2026-10-01T22:50:09.9432510Z From https://github.com/danielmelegari/GrainsDosageGTRv2
2026-10-01T22:50:09.9433240Z  * [new ref]         e8d6e0219c7f579f83097336368e06eefd8eec97 -> origin/main
2026-10-01T22:50:09.9437880Z ##[endgroup]
2026-10-01T22:50:09.9438320Z ##[group]Determining the checkout info
2026-10-01T22:50:09.9440210Z ##[endgroup]
2026-10-01T22:50:09.9445530Z [command]/opt/homebrew/bin/git sparse-checkout disable
2026-10-01T22:50:09.9525140Z [command]/opt/homebrew/bin/git config --local --unset-all extensions.worktreeConfig
2026-10-01T22:50:09.9582000Z ##[group]Checking out the ref
2026-10-01T22:50:09.9584780Z [command]/opt/homebrew/bin/git checkout --progress --force -B main refs/remotes/origin/main
2026-10-01T22:50:10.0439940Z Switched to a new branch 'main'
2026-10-01T22:50:10.0448730Z branch 'main' set up to track 'origin/main'.
2026-10-01T22:50:10.0456030Z ##[endgroup]
2026-10-01T22:50:10.0548660Z [command]/opt/homebrew/bin/git log -1 --format=%H
2026-10-01T22:50:10.0611870Z e8d6e0219c7f579f83097336368e06eefd8eec97
2026-10-01T22:50:10.0776790Z ##[group]Run set -euo pipefail
2026-10-01T22:50:10.0777240Z [36;1mset -euo pipefail[0m
2026-10-01T22:50:10.0777650Z [36;1mif [[ -f GrainsDosage/CMakeLists.txt && -d GrainsDosage/src ]]; then[0m
2026-10-01T22:50:10.0778080Z [36;1m  project_dir="$GITHUB_WORKSPACE/GrainsDosage"[0m
2026-10-01T22:50:10.0778470Z [36;1melif [[ -f CMakeLists.txt && -d src ]]; then[0m
2026-10-01T22:50:10.0778800Z [36;1m  project_dir="$GITHUB_WORKSPACE"[0m
2026-10-01T22:50:10.0779120Z [36;1melse[0m
2026-10-01T22:50:10.0779380Z [36;1m  echo 'GrainsDosage sources not found.' >&2[0m
2026-10-01T22:50:10.0779720Z [36;1m  exit 1[0m
2026-10-01T22:50:10.0779990Z [36;1mfi[0m
2026-10-01T22:50:10.0780270Z [36;1mecho "PROJECT_DIR=$project_dir" >> "$GITHUB_ENV"[0m
2026-10-01T22:50:10.0819950Z shell: /bin/bash --noprofile --norc -e -o pipefail {0}
2026-10-01T22:50:10.0820250Z ##[endgroup]
2026-10-01T22:50:10.1149750Z ##[group]Run set -euo pipefail
2026-10-01T22:50:10.1150200Z [36;1mset -euo pipefail[0m
2026-10-01T22:50:10.1150750Z [36;1m# The project's CMakeLists.txt auto-fetches the Apple AudioUnitSDK into[0m
2026-10-01T22:50:10.1151360Z [36;1m# <sdk>/../AudioUnitSDK at configure time when -DSMTG_ENABLE_AUV2_PLUGIN=ON[0m
2026-10-01T22:50:10.1151870Z [36;1m# is passed; keep this exact folder layout.[0m
2026-10-01T22:50:10.1152430Z [36;1mgit clone --no-checkout https://github.com/steinbergmedia/vst3sdk.git "$RUNNER_TEMP/AudioUnitBuild/vst3sdk"[0m
2026-10-01T22:50:10.1153100Z [36;1mgit -C "$RUNNER_TEMP/AudioUnitBuild/vst3sdk" checkout 3cdf9ca5d1f5b1b21e0a86832aa4abe55607bd96[0m
2026-10-01T22:50:10.1153730Z [36;1mgit -C "$RUNNER_TEMP/AudioUnitBuild/vst3sdk" submodule update --init --recursive --depth 1[0m
2026-10-01T22:50:10.1183740Z shell: /bin/bash --noprofile --norc -e -o pipefail {0}
2026-10-01T22:50:10.1184150Z env:
2026-10-01T22:50:10.1184530Z   PROJECT_DIR: /Users/runner/work/GrainsDosageGTRv2/GrainsDosageGTRv2
2026-10-01T22:50:10.1184910Z ##[endgroup]
2026-10-01T22:50:10.1534560Z Cloning into '/Users/runner/work/_temp/AudioUnitBuild/vst3sdk'...
2026-10-01T22:50:11.1135730Z HEAD is now at 3cdf9ca VST3 SDK 3.8.1
2026-10-01T22:50:11.1756080Z Submodule 'base' (https://github.com/steinbergmedia/vst3_base) registered for path 'base'
2026-10-01T22:50:11.1756790Z Submodule 'cmake' (https://github.com/steinbergmedia/vst3_cmake) registered for path 'cmake'
2026-10-01T22:50:11.1770570Z Submodule 'doc' (https://github.com/steinbergmedia/vst3_doc) registered for path 'doc'
2026-10-01T22:50:11.1773830Z Submodule 'pluginterfaces' (https://github.com/steinbergmedia/vst3_pluginterfaces) registered for path 'pluginterfaces'
2026-10-01T22:50:11.1774620Z Submodule 'public.sdk' (https://github.com/steinbergmedia/vst3_public_sdk) registered for path 'public.sdk'
2026-10-01T22:50:11.1777110Z Submodule 'tutorials' (https://github.com/steinbergmedia/vst3_tutorials) registered for path 'tutorials'
2026-10-01T22:50:11.1794680Z Submodule 'vstgui4' (https://github.com/steinbergmedia/vstgui) registered for path 'vstgui4'
2026-10-01T22:50:11.1870080Z Cloning into '/Users/runner/work/_temp/AudioUnitBuild/vst3sdk/base'...
2026-10-01T22:50:11.8823320Z Cloning into '/Users/runner/work/_temp/AudioUnitBuild/vst3sdk/cmake'...
2026-10-01T22:50:12.6094180Z Cloning into '/Users/runner/work/_temp/AudioUnitBuild/vst3sdk/doc'...
2026-10-01T22:50:14.4200240Z Cloning into '/Users/runner/work/_temp/AudioUnitBuild/vst3sdk/pluginterfaces'...
2026-10-01T22:50:15.1883340Z Cloning into '/Users/runner/work/_temp/AudioUnitBuild/vst3sdk/public.sdk'...
2026-10-01T22:50:16.6946700Z Cloning into '/Users/runner/work/_temp/AudioUnitBuild/vst3sdk/tutorials'...
2026-10-01T22:50:17.3662670Z Cloning into '/Users/runner/work/_temp/AudioUnitBuild/vst3sdk/vstgui4'...
2026-10-01T22:50:18.6270910Z Submodule path 'base': checked out 'fcf9da0bd27a16f7f03773a3a39822f28f5c8477'
2026-10-01T22:50:18.6602390Z Submodule path 'cmake': checked out '054c9143cbb8d47fc4694e473f2ee3b4d951a8f5'
2026-10-01T22:50:19.7349090Z Submodule path 'doc': checked out '8bfca19d3b76a61d093951ba9297047f544caea1'
2026-10-01T22:50:19.7832180Z Submodule path 'pluginterfaces': checked out '4f547e8e102b47de4a8b8aaf343c73b700786372'
2026-10-01T22:50:19.9239700Z Submodule path 'public.sdk': checked out '586dc5e6c8012c3e4b01c79389375cbe96bdb1da'
2026-10-01T22:50:19.9530630Z Submodule path 'tutorials': checked out '33b73dfbb87f3fde3bce8c0a10cae934dc66ad34'
2026-10-01T22:50:21.0811190Z From https://github.com/steinbergmedia/vstgui
2026-10-01T22:50:21.0811960Z  * branch            5db272256172557818b6158cf0bb2c4410bddb25 -> FETCH_HEAD
2026-10-01T22:50:21.3311720Z Submodule path 'vstgui4': checked out '5db272256172557818b6158cf0bb2c4410bddb25'
2026-10-01T22:50:21.3415230Z ##[group]Run set -euo pipefail
2026-10-01T22:50:21.3415520Z [36;1mset -euo pipefail[0m
2026-10-01T22:50:21.3415880Z [36;1m# Explicitly fetch the official Apple AudioUnitSDK next to the vst3sdk[0m
2026-10-01T22:50:21.3416350Z [36;1m# so SMTG_AUDIOUNIT_SDK_PATH always points at an existing checkout.[0m
2026-10-01T22:50:21.3416750Z [36;1mgit clone --depth 1 https://github.com/Apple/AudioUnitSDK.git \[0m
2026-10-01T22:50:21.3417170Z [36;1m  "$RUNNER_TEMP/AudioUnitBuild/AudioUnitSDK"[0m
2026-10-01T22:50:21.3417660Z [36;1mtest -f "$RUNNER_TEMP/AudioUnitBuild/AudioUnitSDK/AudioUnitSDK.xcodeproj/project.pbxproj"[0m
2026-10-01T22:50:21.3451170Z shell: /bin/bash --noprofile --norc -e -o pipefail {0}
2026-10-01T22:50:21.3451510Z env:
2026-10-01T22:50:21.3451780Z   PROJECT_DIR: /Users/runner/work/GrainsDosageGTRv2/GrainsDosageGTRv2
2026-10-01T22:50:21.3452120Z ##[endgroup]
2026-10-01T22:50:21.3857630Z Cloning into '/Users/runner/work/_temp/AudioUnitBuild/AudioUnitSDK'...
2026-10-01T22:50:22.0933950Z ##[group]Run set -euo pipefail
2026-10-01T22:50:22.0934280Z [36;1mset -euo pipefail[0m
2026-10-01T22:50:22.0934520Z [36;1mcd "$PROJECT_DIR"[0m
2026-10-01T22:50:22.0934800Z [36;1mcmake -S . -B build-au -G Xcode \[0m
2026-10-01T22:50:22.0935200Z [36;1m  -DVST3_SDK_ROOT="$RUNNER_TEMP/AudioUnitBuild/vst3sdk" \[0m
2026-10-01T22:50:22.0935710Z [36;1m  -DSMTG_AUDIOUNIT_SDK_PATH="$RUNNER_TEMP/AudioUnitBuild/AudioUnitSDK" \[0m
2026-10-01T22:50:22.0936180Z [36;1m  -DCMAKE_OSX_ARCHITECTURES=arm64 \[0m
2026-10-01T22:50:22.0936520Z [36;1m  -DCMAKE_OSX_DEPLOYMENT_TARGET=11.0 \[0m
2026-10-01T22:50:22.0936840Z [36;1m  -DSMTG_CREATE_PLUGIN_LINK=OFF \[0m
2026-10-01T22:50:22.0937150Z [36;1m  -DSMTG_BUILD_UNIVERSAL_BINARY=OFF \[0m
2026-10-01T22:50:22.0937460Z [36;1m  -DSMTG_ENABLE_AUV2_PLUGIN=ON \[0m
2026-10-01T22:50:22.0937750Z [36;1m  -DSMTG_RUN_VST_VALIDATOR=OFF \[0m
2026-10-01T22:50:22.0938150Z [36;1m  -DGRAINS_BUILD_TESTS=OFF[0m
2026-10-01T22:50:22.0973740Z shell: /bin/bash --noprofile --norc -e -o pipefail {0}
2026-10-01T22:50:22.0974050Z env:
2026-10-01T22:50:22.0974330Z   PROJECT_DIR: /Users/runner/work/GrainsDosageGTRv2/GrainsDosageGTRv2
2026-10-01T22:50:22.0974700Z ##[endgroup]
2026-10-01T22:50:33.0944910Z -- The CXX compiler identification is AppleClang 17.0.0.17000013
2026-10-01T22:50:33.1395230Z -- Detecting CXX compiler ABI info
2026-10-01T22:50:35.1784280Z -- Detecting CXX compiler ABI info - done
2026-10-01T22:50:35.2121180Z -- Check for working CXX compiler: /Applications/Xcode_16.4.app/Contents/Developer/Toolchains/XcodeDefault.xctoolchain/usr/bin/clang++ - skipped
2026-10-01T22:50:35.2131390Z -- Detecting CXX compile features
2026-10-01T22:50:35.2149710Z -- Detecting CXX compile features - done
2026-10-01T22:50:35.2201220Z -- [GrainsDosage] using Apple AudioUnitSDK at /Users/runner/work/_temp/AudioUnitBuild/AudioUnitSDK
2026-10-01T22:50:35.2248890Z -- [SMTG] Check C++ compiler
2026-10-01T22:50:35.3374340Z -- [SMTG] Building with Xcode version: 16.4
2026-10-01T22:50:36.8954330Z -- The C compiler identification is AppleClang 17.0.0.17000013
2026-10-01T22:50:36.9134000Z -- Detecting C compiler ABI info
2026-10-01T22:50:38.3390280Z -- Detecting C compiler ABI info - done
2026-10-01T22:50:38.3702310Z -- Check for working C compiler: /Applications/Xcode_16.4.app/Contents/Developer/Toolchains/XcodeDefault.xctoolchain/usr/bin/clang - skipped
2026-10-01T22:50:38.3708920Z -- Detecting C compile features
2026-10-01T22:50:38.3710370Z -- Detecting C compile features - done
2026-10-01T22:50:38.3712750Z -- [SMTG] SMTG_AUDIOUNIT_SDK_PATH is set to: /Users/runner/work/_temp/AudioUnitBuild/AudioUnitSDK
2026-10-01T22:50:38.3713430Z -- [SMTG] SMTG_AAX_SDK_PATH is not set. If you need it, please download the AAX SDK!
2026-10-01T22:50:39.7450320Z -- Could NOT find LIBJACK (missing: LIBJACK_LIBRARIES LIBJACK_INCLUDE_DIR) 
2026-10-01T22:50:39.7468790Z -- Performing Test SMTG_USE_STDATOMIC_H
2026-10-01T22:50:41.9165370Z -- Performing Test SMTG_USE_STDATOMIC_H - Success
2026-10-01T22:50:42.2683050Z -- Could NOT find LIBJACK (missing: LIBJACK_LIBRARIES LIBJACK_INCLUDE_DIR) 
2026-10-01T22:50:42.2683860Z -- [SMTG] LIBJACK_FOUND is not set.
2026-10-01T22:50:42.2729960Z -- [SMTG] Codesign validator for local machine only
2026-10-01T22:50:42.2749560Z -- [SMTG] Codesign moduleinfotool for local machine only
2026-10-01T22:50:42.2750160Z -- [SMTG] Codesign GrainsDosage for local machine only
2026-10-01T22:50:42.2750640Z -- [SMTG] Setup running moduleinfotool for GrainsDosage
2026-10-01T22:50:42.2752450Z -- [SMTG] Setup running validator for GrainsDosage
2026-10-01T22:50:43.9527300Z -- The OBJCXX compiler identification is AppleClang 17.0.0.17000013
2026-10-01T22:50:43.9759110Z -- Detecting OBJCXX compiler ABI info
2026-10-01T22:50:46.7829030Z -- Detecting OBJCXX compiler ABI info - done
2026-10-01T22:50:46.8439060Z -- Check for working OBJCXX compiler: /Applications/Xcode_16.4.app/Contents/Developer/Toolchains/XcodeDefault.xctoolchain/usr/bin/clang++ - skipped
2026-10-01T22:50:46.8578830Z CMake Error at CMakeLists.txt:106 (smtg_target_add_auv2):
2026-10-01T22:50:46.8580200Z -- Configuring incomplete, errors occurred!
2026-10-01T22:50:46.8656870Z   Unknown CMake command "smtg_target_add_auv2".
2026-10-01T22:50:46.8657790Z 
2026-10-01T22:50:46.8657800Z 
2026-10-01T22:50:46.8790690Z ##[error]Process completed with exit code 1.
2026-10-01T22:50:46.9054560Z Post job cleanup.
2026-10-01T22:50:47.5027420Z [command]/opt/homebrew/bin/git version
2026-10-01T22:50:47.5492720Z git version 2.55.0
2026-10-01T22:50:47.5518960Z Copying '/Users/runner/.gitconfig' to '/Users/runner/work/_temp/67ea4b91-e40e-4558-9073-1e8f1489643c/.gitconfig'
2026-10-01T22:50:47.5529080Z Temporarily overriding HOME='/Users/runner/work/_temp/67ea4b91-e40e-4558-9073-1e8f1489643c' before making global git config changes
2026-10-01T22:50:47.5529840Z Adding repository directory to the temporary git global config as a safe directory
2026-10-01T22:50:47.5532030Z [command]/opt/homebrew/bin/git config --global --add safe.directory /Users/runner/work/GrainsDosageGTRv2/GrainsDosageGTRv2
2026-10-01T22:50:47.5786140Z [command]/opt/homebrew/bin/git config --local --name-only --get-regexp core\.sshCommand
2026-10-01T22:50:47.5921190Z [command]/opt/homebrew/bin/git submodule foreach --recursive sh -c "git config --local --name-only --get-regexp 'core\.sshCommand' && git config --local --unset-all 'core.sshCommand' || :"
2026-10-01T22:50:47.7504140Z [command]/opt/homebrew/bin/git config --local --name-only --get-regexp http\.https\:\/\/github\.com\/\.extraheader
2026-10-01T22:50:47.7575140Z http.https://github.com/.extraheader
2026-10-01T22:50:47.7586490Z [command]/opt/homebrew/bin/git config --local --unset-all http.https://github.com/.extraheader
2026-10-01T22:50:47.7668780Z [command]/opt/homebrew/bin/git submodule foreach --recursive sh -c "git config --local --name-only --get-regexp 'http\.https\:\/\/github\.com\/\.extraheader' && git config --local --unset-all 'http.https://github.com/.extraheader' || :"
2026-10-01T22:50:47.9369040Z [command]/opt/homebrew/bin/git config --local --name-only --get-regexp ^includeIf\.gitdir:
2026-10-01T22:50:47.9500270Z [command]/opt/homebrew/bin/git submodule foreach --recursive git config --local --show-origin --name-only --get-regexp remote.origin.url
2026-10-01T22:50:48.0870220Z Cleaning up orphan processes
2026-10-01T22:50:48.5858330Z ##[warning]Node.js 20 is deprecated. The following actions target Node.js 20 but are being forced to run on Node.js 24: actions/checkout@v4. For more information see: https://github.blog/changelog/2025-09-19-deprecation-of-node-20-on-github-actions-runners/
